# Patch generated by Pymend v0.4.0dev

--- a/raises.py
+++ b/raises.py
@@ -9,6 +9,10 @@
         _description_
     TypeError
         _description_
+    KeyError
+        _description_
+    ValueError
+        _description_
     """
     raise ValueError
     raise KeyError
